// Jest Snapshot v1, https://goo.gl/fbAQLP

exports[`basic has consistent output 1`] = `
Object {
  "": Array [
    "Starting 'a'...",
    "Starting 'b'...",
    "Started 'a' @ http://localhost:3001",
    "Started 'b' @ http://localhost:3002",
    "Starting '$proxy'...",
    "Started '$proxy' @ http://localhost:3000",
    "Ready",
  ],
  "$proxy": Array [],
  "a": Array [
    "a      | [out] Starting...",
    "a      | [out] Started",
  ],
  "b": Array [
    "b      | [out] Starting...",
    "b      | [out] Started",
  ],
}
`;

exports[`basic has consistent output 2`] = `
Array [
  "",
  "",
]
`;
